// Jest Snapshot v1, https://goo.gl/fbAQLP

exports[`Results Component should show plus button on mouse enter: <div data-testid="list-element-toggle" id="expand"><h3>Test Park</h3><a data-testid="plus-button" href="#" style="position: relative; top: 0px; right: 0px;"><svg aria-hidden="true" class="svg-inline--fa fa-plus " data-icon="plus" data-prefix="fas" focusable="false" role="img" viewBox="0 0 448 512" xmlns="http://www.w3.org/2000/svg"><path d="M256 80c0-17.7-14.3-32-32-32s-32 14.3-32 32V224H48c-17.7 0-32 14.3-32 32s14.3 32 32 32H192V432c0 17.7 14.3 32 32 32s32-14.3 32-32V288H400c17.7 0 32-14.3 32-32s-14.3-32-32-32H256V80z" fill="currentColor" /></svg></a></div> 1`] = `
<div
  data-testid="list-element-toggle"
  id="expand"
>
  <h3>
    Test Park
  </h3>
  <a
    data-testid="plus-button"
    href="#"
    style="position: relative; top: 0px; right: 0px;"
  >
    <svg
      aria-hidden="true"
      class="svg-inline--fa fa-plus "
      data-icon="plus"
      data-prefix="fas"
      focusable="false"
      role="img"
      viewBox="0 0 448 512"
      xmlns="http://www.w3.org/2000/svg"
    >
      <path
        d="M256 80c0-17.7-14.3-32-32-32s-32 14.3-32 32V224H48c-17.7 0-32 14.3-32 32s14.3 32 32 32H192V432c0 17.7 14.3 32 32 32s32-14.3 32-32V288H400c17.7 0 32-14.3 32-32s-14.3-32-32-32H256V80z"
        fill="currentColor"
      />
    </svg>
  </a>
</div>
`;
